Maki Marsh DeGray Belak Potter Ward Turnbull Dubinsky DuPont Commodore
Kravchuk Lydman Haas Featherstone Russell Gilmour Wolf Sjostrom Volcan Agostino
MacLellan Eaves Letang Kylington Curtale Sheehy Kennedy Jantunen Giordano Morrison
Prust Wilson Niedermayer Lindholm Albelin Bodak LaVallee Wamsley McInnis Bernhardt
Kostopoulos Mayers Nolan Jaffray Lalonde Rychel Carson Morrow Vandermeer Kulak
Matteau McAmmond Miller Stewart Struch Ivanans Korn Lapointe McCarthy Lowry
Andersson Norwood Ramholt Nichol Labraaten Berra Cowan Cervenka Hentunen Olsen
Irving Bouwmeester Brathwaite Dingman Montador Gaudreau Brubaker Jackman Millen Brigley
Nakladal Bancks Versteeg Bullard Quinn Murdoch Tkaczuk Kruse Zalapski Johansson
Cassels Lindsay Hunter Cundari Housley Lebeau Roloson Johnson Betts Dome
