Bennett Bouwmeester Ingarfield Yawney Arnold Patrick Schlemko Nilson Fenton Nystrom Friesen Grossmann Glynn Elson Mctavish Jalonen Jackman Hanson
Kravchuk Hentunen Brouwer Kronwall MacMillan McCarty Lazar Featherstone Edwards Betts Andersson Marchment Thompson Chouinard Norwood Dowd Cowan Morris
Drury Christoff Eloranta Patterson Huscroft Stajan Nattress Kisio Bancks Tkachuk Jankowski Taylor Saprykin Tonelli Pryakhin Piskula Fotiu Jaffray
Smyth Aucoin Gauthier Nolan Carson Cavallini Granlund Germyn Russell Billins Vandermeer Donovan Gould Conroy Boyd Tanguay Viitakoski Coxe
MacDermid Horak Smid Matteau Grimson Shinkaruk Lindsay Freer Wolf Giordano Musil Bassen Smith Berezan Lundmark Neal Street Leopold
Roy Hunter Glencross Hudler Bollig Lindberg Murray Jackson Ivanans MacInnis Hrdina Lydman Gagner Grant Eisenhut Sullivan Iginla Lapointe
Niedermayer Wotherspoon Kobasew Skrudland MacDonald Quinn Peluso Ortio Staios Mangiapane Ritchie Titov Sharples Savard Elliott Leclerc Harkins Wamsley
Wilson Makarov Turnbull Jooris Rychel Primeau Ward Marsh Glass Berube Dingman Ference Potter Loob Dwyer Brubaker Vernon Eakins
Monahan Murzyn Eaves Haas Cervenka Walz May Warrener Ramholt Hanowski McGrattan Habscheid Cammalleri Guy Morgan Letang Scoville Brathwaite
Nylander Hull Reinhart Quine Werenka Lalonde Petrovicky Jokinen Turek Bucyk Comeau Gratton Pelech Jokipakka Volcan Sauve Nieuwendyk Lebeau
Hiller DeGray Agostino Kromm Otto Regehr Johansson Berra Mayers Bergqvist Charron Roche Nichol Bartkowski Millen Bure Valimaki Kohn
Ramo Eriksson Labraaten Chernomaz Gilmour Forslund Backlund Lessard Colborne Kulak Domenichelli Oliwa Muzzatti Allison Sarault Hampson Lemieux Reinprecht
Hamrlik Tkaczuk Nemisz Clark Versteeg Kiprusoff Setoguchi Torgayev Leeman Galiardi Hislop Morrison Nieminen Mullen Westgarth Churla Stempniak Keetley
Greentree Karlsson Simard Tabaracci Konroyd Sundblad Simpson Bridgman Bolduc Zemlak Lack Wideman Modin Godard Kyte Sweeney Fleury Borschevsky
Nieckar Meredith Baxter Tambellini Cyr Knight McCrimmon Wilm Roberts Montador Rautakallio McAmmond Hoglund Nilsson Roloson Dadswell Sabourin Guenette
Olsen Shantz Pardy Loyns Ashton Evason Hagman Bourque Engblom Christie Yelle Shannon Dawes Pankewicz Kidd Garner Negrin Wortman
Sieloff Peplinski Dunn Cundari Helenius Ranheim Lakovic Hale Jones Shore Moss Toskala Amonte Foo Klimchuk Markwart Godynyuk McKendry
Risebrough Schlegel Frolik Nazarov Byron Stewart Kolanos Commodore Stone Gaudreau Housley Backstrom Johnson Dube Belak Malgunas Kruse Jantunen
Raymond Wregget Fata Murdoch Peters Cassels Krivokrasov DuPont Lever Paslawski Poirier Dollas Beers Bullard Macoun Hathaway Plett Fuhr
