Housley Lebeau Reinprecht Roloson Arnold Boucher Karlsson Sweeney Bucyk Dome
Buzek Shannon Kiprusoff Leopold Aliu Leeman Sieloff Begin Churla Murzyn
Cavallini Otto Klimchuk Evans Jantunen Wilson Glencross Volcan Glass Vernon
Sundblad Gillies Plett Kronwall Konroyd Drury Reinhart Piskula Bouchard Skalde
Jalonen Kyte Montador Fuhr MacInnis Sarault Chouinard Bradley Charron Lemelin
Staios Wideman Savard Helenius Huselius Simpson Engblom Tanguay Yelle Hagman
Mullen Murdoch Donovan Nilsson Schulte Ranheim DeGray Smid Johansson Nieckar
Chernomaz Varlamov MacDonald Saprykin Gelinas Baxter Curtale Baertschi Lowry Godynyuk
Leclerc Brodie Dunn Sloan Langkow Greentree Tkachuk Betts Wappel Glynn
Bassen Hislop Muzzatti Andersson Ward Tkaczuk Dubinsky McLennan Bartell Bennett
