Rautakallio Nolan Lever Stern Holt Bullard Larose Christie Nieminen Lazar Wamsley Phaneuf Sutter Hrivik McLennan
Mrozik Ryan Nemisz Bouchard McCarty Vandermeer Monahan Smith Nilsson Hampson Reese Jagr Hanifin Gilmour Peplinski
Dollas Eakin Fotiu Murzyn Markwart MacMillan Gould Quine Shannon Lessard Bourgeois Tkaczuk Jokipakka Mokosak Hanson
Ference Schulte Garner Brigley Norwood Fuhr Billins Morris Kulak Roberts Simon Bolduc Lindberg Nichol Wolf
MacDermid Yawney Lydman Lemelin Pankewicz Hagman Kronwall Walker Belak Murdoch Guy Ranheim Ramo Osiecki Lebeau
Hindmarch Evason Reichel Hanowski Kiprusoff Vernon Featherstone Sauve Toskala Iginla Lowry Nystrom Labraaten Struch Cowan
Chouinard Simard Schlegel Drury Dwyer Gelinas Gagner Lemieux Johansson Elson Desbiens Huscroft Baxter Meredith Hoglund
Johnson Ferguson Agostino Kennedy Scoville Begin Haas Skrudland Torgayev Stone Montador Valimaki Ferland Hull Kostopoulos
Trefilov Breen Courteau Peluso Babchuk Kyte Donovan Bridgman Brathwaite Smyth Heaphy Hrdina Lalonde May Charron
Jokinen Jones Bergqvist Zalapski Tonelli Fantenberg Fleury Sarault Andersson McInnis Landry Nilson Miller McAdam Bure
McDonald Aucoin Czarnik Amonte Allison Varlamov Suter White Morgan Primeau Harkins Bassen Carson Hamilton Sheehy
Knight Hulse McAmmond Warrener Mayers Bouwmeester Sieloff Green Rychel Esau Sabourin Pryakhin Nazarov Sundblad Sjostrom
Petit Stewart Zyuzin Betts Meyer Edwards Wiemer Wilm Conroy Kisio Turek Sarich Eriksson Vey Commodore
Hay Dunn Godynyuk Musil Lindsay Lakovic Freer Brodie Konroyd Paslawski Modin Morrison Roloson Patrick Grossmann
