Heaphy Hiller Hlushko Nilsson Gagner Mctavish Lemelin Petit Hamonic Johansson Kidd Viitakoski Bassen Bureau Grant Bodak Evans Varlamov Rautakallio Niedermayer
Dubinsky Stern Sarich Johnson Mangiapane Poirier Smyth Brigley Iginla Wilm Eakin Horak Meredith Sauve Cavallini Konroyd Krivokrasov Grimson Morgan Garner
Kiprusoff Shantz Sjostrom Bartell Hanowski Negrin Gratton Malgunas Wright Toskala Churla Domenichelli Larose Lowry Kronwall Cundari Quinn Ivanans Dube Stempniak
Vernon Simpson Joseph MacDermid Christoff Corbet Valimaki Conacher Kostopoulos Piskula Kotalik Allison Walker Nakladal Matteau Drury Habscheid Peluso Racine Morrison
Dollas Volcan Houston Russell Leclerc MacInnis Ference Gould Cowan Bridgman Backlund Nemisz Murray Stone Bure Pryakhin Nylander Stillman Amonte Hanson
Loyns Sheehy Nystrom Buzek Berezan Keczmer Commodore Letang Bolduc Simard Dahlquist Ward Smith Engblom Bergqvist Hay Raymond Werenka Pelech Pankewicz
McCarty McAdam Keetley Czarnik McDonald Tonelli Nichol Higgins Holt Schlemko Butler Macoun Lessard Eloranta Skalde Kennedy Bancks Dwyer Lakovic Setoguchi
Boughner Guy Landry Stiles Sutter Huscroft Baxter Kravchuk Donovan Sonnenberg Boucher Cammalleri Hathaway Riggin Andersson Curtale Arnold Carson MacLellan Murzyn
Primeau Lack Bouma Knight Bouwmeester DeGray MacDonald Labraaten Rychel Friesen Esau Walz Fuhr Courteau Fotiu Hentunen Fenton Mokosak Lemieux Reinhart
Chucko Bernhardt Botterill Leopold Gillies Trefilov Millen Hunter Bucyk MacMillan Neal Bartkowski Shannon Simon Giordano Baertschi Kolanos Rioux Babchuk Nolan
Regehr Mrozik Yawney Greentree Tabaracci Skrudland Karlsson Ferland Dowd Lamb Backstrom Jantunen Dahl Suter Jagr Petrovicky Ritchie Prust Mikkelson Vandermeer
Ortio Hale Charron Shore McGrattan Chiasson Dingman Kobasew Bradley Jokinen Wideman Clement May Jokipakka Peters Gaudreau Fata Chernomaz Eriksson Moss
Nattress Forslund Marsh Chorske Turek Agostino Berra Lindberg Meyer Loob Glencross McLennan Mayers Frolik Otto Dawes Wamsley Cyr Edwards Tanguay
Nazarov Hagman Ashton Lydman Ferguson Makarov Morris Yelle Brodie Nieminen Bertuzzi Savard Ranheim Lombardi Sorochan Sharples Greig Struch Engelland Hislop
Lomberg Smid Housley Fleury Roche Marchment Norwood Glynn Young Lalonde Olsen Peplinski Wilson Tkaczuk Gelinas Elliott Fantenberg Godynyuk Vey Reese
Kruse Hrdina Stewart Nilson Titov Jooris Wolf Betts Roberts Hannan Hampson Turnbull Irving Roloson Stajan Brathwaite Wotherspoon Nieuwendyk Patterson Hull
Desbiens Dunn Featherstone White Germyn Stuart Gauthier Freer Monahan Saprykin Billins Hindmarch Torgayev Oliwa Aliu Kohn Godard Guenette Leeman Korn
Green Ramage Westgarth Reierson Gilmour Lindsay Christie Quine McKendry Sundblad Risebrough Borschevsky Chouinard Shinkaruk Sarault Elson Murdoch Byron Ingarfield Glass
Morrow Ryan Hulse Bouchard DuPont Scoville Wregget Hamilton Pardy Muzzatti Versteeg Eaves Potter Grossmann Diaz McCrimmon LaVallee Vail Plett Osiecki
McInnis Zemlak Taylor Roy Huselius Phaneuf Nieckar Harrer Evason Kyte Jones Schulte Kylington Foo Sieloff Markwart Tkachuk McCarthy Lundmark Hanifin
