Wilm Brubaker Ivanans Courteau Giordano Valimaki Skalde Viitakoski Dube Bridgman
Werenka Skrudland Gratton Hanowski Leopold Esau Gaudreau Dahl Eloranta Engelland
Stajan Housley Roy MacDonald Cyr Klimchuk Larose Fata Drury Pelech
Simard Negrin Zalapski Boyd Lebeau Prust Cervenka Irving Backstrom Keczmer
Petrovicky Harkins Sarich Norwood Titov Bouchard Markwart Elliott Bergqvist Tkachuk
Young Vey Cowan Coxe Hindmarch Ramo Heaphy Pryakhin Belak Backlund
Simon Nakladal Jokipakka Lalonde Russell Wolf Eriksson Sabourin Turek Musil
Lever Savard Varlamov Sauve Sonnenberg Smyth Quine Hoglund MacMillan Stillman
Wotherspoon Yawney Gavey Roloson Beers Diaz Begin Bureau Higgins Oliwa
Thompson Langkow Olsen Volcan Leeman Sundblad Joseph Kromm Murray Maki
