Hentunen Setoguchi Kiprusoff Phaneuf Wolf Racine Riggin Hiller Pardy Hlushko Stuart Chernomaz Gillies Kisio Markwart Byron Yawney Rittich Forslund Bozek
Monahan Labraaten Morrow Lalonde Warrener Elliott Mullen Hislop Higgins Petrovicky Kohn Bernhardt Mctavish Gelinas Charron Chucko Potter Bullard Morrison Zalapski
Marchment Simard Lever Eloranta Lundmark Mrozik Pankewicz Tonelli Belak Giguere Murdoch Coxe Maki Jooris Krivokrasov Kulak Wamsley Mayers Kolanos Chorske
Sweeney Primeau Corbet McAmmond MacMillan Housley Dahl Bassen Sutter Lemelin Grant McGrattan Ortio Allison Grossmann Aucoin Jones Engelland Donovan Esau
Shannon McLennan Gilmour Eaves Giordano Johansson Sabourin Reinhart Hagman Quine Simon Roche Stern Betts Harkins Haas Hathaway Ritchie Butler Knight
Bancks McInnis Brubaker Drury Bartell Hull Eisenhut Korn Glynn Roberts Meredith Borschevsky Stajan Paslawski Lapointe Marsh Granlund Nylander Gagner Andersson
Smith Hamonic Skrudland Lamb Rioux Millen Bodak Scoville Conacher MacDermid Patterson Lazar Lindberg Hrivik Sheehy McKendry Leopold Bouma Hanowski Valimaki
Reichel McCarty Roy Carson Malgunas Lydman Nemisz Edwards McCarthy Beers Ramage Commodore Arnold Kravchuk Backstrom May Schlegel Smid Ferguson Billins
Hulse Gauthier Shantz Botterill McAdam Bourgeois Kennedy Klimchuk Struch Baxter Evans Brigley Grimson Schlemko Fuhr McElhinney Miller Lindholm Jalonen Hanifin
Keczmer Ivanans Domenichelli Albelin Dwyer Musil Stempniak Cammalleri Lemieux Houston Simpson Leclerc Dome Oliwa Hudler Frolik Jackson Hampson Skalde Patrick
Plett Sullivan Mokosak Wideman Nolan Hamrlik Montador Cundari Sarich Christie Morris Hale Jaffray Gaudreau Mottau Piskula Rautakallio Lack Chouinard Kyte
Sundblad Ryan Toskala Glass Wotherspoon Kidd Boyd Greentree Hindmarch Curtale Russell Foo Pelech Habscheid Bureau Prust Gould Stone Murray Kruse
Loob Vandermeer Harrer Leeman Langkow Jokinen Wright Kromm Brouwer Begin MacInnis Trefilov Huscroft Smyth Godynyuk Godard Bollig Wiemer Jankowski Brathwaite
Viitakoski Colborne Osiecki Cervenka Fotiu Hamilton Jantunen Lakovic Turek Macoun Zemlak Dubinsky Ference Hunter Baertschi White Raymond Clement Kotalik Amonte
Vernon Friesen Nilson Shore Regehr Lebeau Kostopoulos Czarnik Jackman Vey Evason Bennett Berube Joseph Bure Sonnenberg Murzyn Nieminen Guenette Westgarth
Brodie Yelle Buzek Lindsay Saprykin Meyer Lombardi Greig Nazarov Stillman Bertuzzi Peplinski Sorochan Tambellini Breen Wilm Bradley Larose Nieckar Sloan
Fantenberg Suter Reese Berra Quinn Petit Volcan Konroyd Courteau Thompson Eriksson Olsen Sauve Germyn Werenka Conroy Freer Pryakhin Diaz Aliu
Nattress Varlamov Keetley Kobasew Sieloff Clark Schulte Hoglund Babchuk Staios Street Norwood Peluso Gratton Ferland Mikkelson Nakladal Dawes Roloson Bolduc
Bergqvist Sarault Savard Risebrough DeGray Stewart Nilsson Ramo Turnbull Galiardi Desbiens Hannan Lowry Otto Negrin Johnson Helenius Jagr LaVallee Dowd
Chiasson Tkaczuk Cyr Dahlquist Fleury Bourque Taylor McDonald Neal Versteeg Bridgman Tanguay Cassels Eakin Berezan Sharples Hay Modin Dollas Vail
