Kyte Trefilov Mottau Schlegel Holt McCarty Nilsson Russell Rioux Hanifin Allison Friesen Nazarov
Nakladal Leopold Godynyuk Matteau Lundmark Baertschi Czarnik Tkachuk Murzyn Hamonic Bouchard Jaffray Neal
Bartell Viitakoski Gould Glass Bozek Stuart Walz Hampson Lebeau McGrattan Sieloff Botterill Oliwa
Roy Kotalik Babchuk Reichel Simpson Lomberg Chouinard Bullard Warrener Pelech McCrimmon Dadswell Ramo
Norwood Berra Hrdina Volcan Wright Bure Pryakhin Drury Moss Jooris Sullivan Christoff Kravchuk
Reinprecht Hannan DuPont Schlemko Wiemer Bertuzzi Muzzatti Coxe Stewart Lemieux Dahlquist Sabourin Nichol
Wortman MacInnis Evason Greig Lakovic Hagman Cundari Betts Rychel Bennett Marchment Montador McAmmond
Mctavish Plett Knight Engblom Patterson Iginla Arnold Garner Langkow Murray Reierson McInnis May
Hrivik Lydman Nieuwendyk MacLellan Brigley Potter Giguere Brathwaite Tkaczuk Turek Dube Meredith Vernon
Sloan Kiprusoff Roloson Toskala Hentunen Fata Morrison Roche Jankowski Bureau Begin Smyth Piskula
Stiles Setoguchi Dunn Torgayev Stern Loyns Taylor Hanson Jalonen Clement McKendry Greentree Evans
Pankewicz Marsh MacDermid Nieminen Sauve Ivanans Ritchie Werenka Agostino Elson Raymond Jokipakka Buzek
Nattress Jones Shore Cavallini Bucyk Morgan McElhinney Musil Sarault Lombardi Housley Sarich Guy
Aucoin Landry Gratton Conacher Niedermayer Hunter Huselius Grossmann Desbiens Butler Ahola Johnson Lalonde
Walker LaVallee Chucko Fenton Konroyd Meyer Colborne Olsen Habscheid Lowry Boughner Smid Quine
Mullen Ramholt Bassen Haas Bancks Courteau Risebrough Cassels Lack Ferguson Ryan Petit Bartkowski
Malgunas Kolanos Ashton Lemelin Eloranta Kisio Stillman Riggin Sharples Yawney Borschevsky Nylander Ward
