Hislop Vernon Schlegel Gelinas Diaz Brigley Hlushko Guenette Huscroft Joseph
Morrow Giguere Nichol Jokinen Brathwaite Fuhr Amonte Lebeau Modin Murzyn
Savard Volcan Nolan Bourgeois Makarov Otto Brubaker Breen Ferland Wolf
Belak Carson Loyns Conroy Raymond Foo Macoun Grant Eisenhut Stempniak
Betts Charron Dome Butler Hanowski Evans Hamonic Labraaten Eloranta Lindberg
Horak Landry Irving Engelland Westgarth Grossmann Niedermayer Montador Primeau Racine
Nylander Wamsley Sarich Dahl Tkachuk Baertschi Conacher Nemisz Borschevsky Czarnik
Cavallini Botterill Sauve Hrdina Hudler Sheehy Skalde Ritchie Morrison Leopold
Russell Knight Reinprecht Jones Petrovicky Tonelli Pelech Lowry Saprykin Lydman
Lombardi Vey Stone Bassen Letang White Patterson Andersson Fenton Suter
