Stone Godard Morris Bollig Lemieux
Bure Viitakoski Macoun Lundmark Neal
Boyd Loob Patterson Lindholm Schlegel
Rautakallio Pardy Brubaker Hanifin Reinprecht
Pankewicz Backlund Leclerc Johnson Tanguay
Petit Jones Hamilton Bolduc Mangiapane
Jackman Eakins Shantz McElhinney Kruse
Thompson Wortman Hathaway Nieckar Diaz
Bergqvist Stajan Dubinsky Ramholt Suter
Conacher McCarthy Schulte Helenius Gillies
Ritchie Engblom Lemelin Kidd Giguere
Lazar Pelech Cavallini Leeman Gelinas
MacInnis Grant Shannon Lakovic Taylor
Allison Monahan DuPont Brigley Knight
