Higgins Mrozik Guy Riggin Hanowski Godard Paslawski Valimaki Huselius Kromm Karlsson Petrovicky Giguere Breen Wamsley Suter Stempniak Potter Lombardi Labraaten
Westgarth Brigley Wappel Skrudland Smid Shore Zalapski Vandermeer Beers Millen Fuhr Stillman Backlund Harrer Hathaway Sullivan Nemisz Hannan Freer Keczmer
Marchment Huscroft Lindholm Monahan Sweeney Young Tambellini Evans Lapointe Sabourin Hull Nilson Tanguay Zyuzin Ferguson Brubaker Turek Reierson Modin Lowry
Edwards Habscheid Lever Hale Ward Ryan Matteau Osiecki Hislop Otto Olsen Kravchuk Baertschi Agostino Comeau Ritchie Torgayev Wolf Cervenka Eisenhut
Prust Bartkowski Kisio Bouchard Hrdina MacDermid Nieminen Jokipakka Smyth Czarnik Gratton McLennan Rychel Nattress Rautakallio Dahl Kohn Nazarov Muzzatti Giordano
Ferland Conroy Andersson Petit Nakladal Grossmann Chorske Walker Cassels Hlushko Irving Langkow DuPont Shinkaruk Chiasson Kulak Peplinski McCarty Sarault Loyns
Bartell Diaz Marsh Boucher Setoguchi McKendry Hulse Colborne Chucko Macoun Staios Glencross Wright Morrison Bure Patrick Stern Nilsson Jaffray Plett
Boughner McCrimmon Mullen Germyn Berube Chernomaz Dawes Stuart Lessard Leeman Hamonic Mokosak Patterson Hamrlik Turnbull Kolanos Greentree Donovan Gaudreau Bancks
Warrener Fotiu Thompson Ranheim Korn Zemlak Clark Lomberg Corbet Nieuwendyk Meredith Billins Sonnenberg Schlemko Fleury Dube Volcan Roche Cyr Reinhart
Johnson Hoglund Mangiapane Raymond Maki Jankowski Poirier Regehr Viitakoski Bouma Bourque Eakin McGrattan Shantz Borschevsky Grant Jackman Nystrom Fantenberg Bridgman
Tabaracci Green Aucoin Brouwer McCarthy Jooris Dubinsky Cavallini LaVallee Chouinard Miller Hindmarch Garner Ortio Bullard Skalde Hanifin Hampson Gavey Conacher
Hunter Titov Quinn Lindberg Galiardi Ramage MacLellan Leclerc Dollas Hudler Stone Aliu Nichol Bolduc Harkins Versteeg Backstrom Risebrough Nylander Heaphy
Quine Holt Pryakhin Roloson Jokinen Jagr Scoville Fenton Berezan Friesen McInnis Larose Bassen Bollig Yawney Helenius Piskula Coxe MacDonald Drury
Niedermayer Kyte Jones Keetley Lundmark Lazar Morgan Desbiens Roy Brathwaite MacInnis Wideman Smith Bertuzzi Sharples Sorochan Sheehy Esau Grimson MacMillan
Carson Simard McAmmond Varlamov Lamb Saprykin Racine Vey Iginla Hagman Russell Wilson Wilm Werenka Evason Peluso Granlund Ramholt Clement Dahlquist
McDonald Eakins Landry Gilmour McAdam Wregget Ashton Lemieux Cammalleri Kennedy Gelinas Dome Pelech Bergqvist Sauve Gagner Pardy Lemelin Stewart Dunn
Savard Montador Boyd Jalonen Bennett Eloranta Bureau Wiemer Sieloff Botterill Stiles Walz Ference Bozek Meyer Roberts Bernhardt Lakovic Lindsay Malgunas
Toskala Vernon Ahola Hiller Hrivik Moss Leopold Vail Forslund Baxter Belak Murzyn Eaves Christie Lack Morris Dingman Horak Bouwmeester Frolik
Jackson Krivokrasov Mottau Commodore Street Lalonde Babchuk Wortman Begin Guenette Knight Kronwall Peters Allison Sjostrom Dowd Gillies Lydman Reichel Ivanans
Betts Makarov Kostopoulos Joseph Hay May Primeau Bradley Schulte Bucyk Letang Norwood Kobasew Konroyd Kotalik Godynyuk Mikkelson Tkachuk Haas Cowan
