Dubinsky Russell Aucoin Bartkowski McCarthy Roloson Ference Berube Christie Harrer
Tanguay Street Werenka Wideman Friesen Belak McCarty Guy Roy Stuart
Glass Lemieux Eriksson Domenichelli Pryakhin Diaz Walz Dahlquist Andersson Quinn
Larose Struch Galiardi Petit Baertschi Grossmann Shore Amonte Rioux Ivanans
Gagner Rychel Thompson Reierson Ingarfield Dingman Sjostrom Simon Kennedy Macoun
Charron Ferland Nystrom Sheehy Eloranta Begin Fantenberg Nylander Lamb Nieckar
Brubaker Jantunen Frolik Raymond Plett Hoglund Germyn Young Hay Mrozik
Lomberg Lombardi McKendry Skalde Kotalik Lazar Clark Dawes Gaudreau Niedermayer
Commodore Osiecki Brouwer Cavallini Patterson Peluso Ahola Hiller Rautakallio Riggin
Hamilton Montador Featherstone Backlund Gratton Sauve Aliu Kohn Patrick Mayers
Hentunen Cundari Pelech Letang Bouchard Bradley Bartell Chouinard Clement Dadswell
Bourgeois Bancks Chorske Mangiapane Peters Primeau Cervenka Klimchuk Brodie Huselius
