Volcan Osiecki Petrovicky Stern Potter Keczmer Lazar Reichel Lamb Lindholm
Hagman Nilson Trefilov Bernhardt Allison Paslawski Roche Kulak Nichol Raymond
Ortio Peluso Westgarth Bozek Kronwall Yelle Krivokrasov Nemisz Commodore Korn
Chouinard Zemlak Fotiu Housley Titov Bouma Savard Neal DuPont Ranheim
Hulse Landry Hamilton Simon Bertuzzi Backlund Street MacLellan Sloan Lindberg
McKendry Nattress Evans Eriksson Babchuk Patterson Marchment Vandermeer Wiemer Fuhr
Negrin Courteau Peters Hanson McCarthy Belak Cowan Quine Dubinsky Nilsson
McDonald Loob Tabaracci Roberts Dube Jooris Kravchuk Jokinen McAdam Mayers
Cavallini Hoglund Beers Cundari Mullen Nieckar Hanowski Hanifin Botterill Shinkaruk
Hrivik Johansson Roloson Brigley Borschevsky Setoguchi Shannon Kotalik Boughner Galiardi
