Bassen Walz Forslund Brubaker Eriksson Curtale Ingarfield Hamonic Mikkelson Chucko Cavallini Byron Nieminen Trefilov Lamb Jantunen Roberts Rioux
Bouma Meyer Andersson Kromm Engelland Ward Kobasew Johansson Dowd Sloan Corbet Olsen McCarthy Breen Potter Drury Elson Irving
Eakins Meredith Lessard Stuart Grossmann Backlund Lindsay Werenka Eaves Botterill Galiardi Kotalik Jackman Valimaki Suter Iginla Nylander Glass
Giordano McAmmond Guy Staios Langkow Brouwer Reese Lemelin Kohn Harrer Raymond Nilsson Titov Jackson Joseph MacDonald Young Mullen
Bergqvist Dwyer Lindholm Musil Esau Hunter Brigley Clement Gillies Kostopoulos Jones Comeau Featherstone Sheehy Borschevsky Ramholt Russell Walker
Vail Reinprecht Stempniak Sharples Sjostrom Quinn Zemlak Mokosak Racine Prust Dubinsky Petit Larose Stern Hay Patrick Peluso Bartell
McGrattan Chernomaz McKendry Maki Lakovic Dube Poirier McCarty Karlsson Fleury Dunn Engblom Bertuzzi Konroyd Beers Godynyuk Oliwa Habscheid
Bernhardt Pardy Domenichelli Chiasson Fata Commodore Leopold Hagman Simon Hentunen Bartkowski Huselius Glencross Lazar Rychel Churla Osiecki May
Elliott Skalde Fotiu Savard Kulak Dingman Nichol Saprykin Macoun Wappel Christoff Miller Johnson Murray Glynn Cundari Sundblad Leeman
Lydman Keetley Wregget Czarnik Chouinard Smith Wotherspoon McAdam Nolan Betts Backstrom Hamrlik Evans Sullivan Roloson Fuhr Hull Korn
Nazarov Kronwall Mottau Hannan Brathwaite Struch Bozek Plett Krivokrasov Monahan Vandermeer Zalapski Billins Sarich MacInnis Tanguay Roy Butler
Cowan Landry Boucher Gaudreau Wilm Bradley Sweeney Hanson Shannon Aucoin Foo Piskula Holt Mctavish Morrow Allison Ramage Courteau
Cammalleri Lowry Lack Begin Shantz Diaz Wamsley Housley Conacher Ranheim Chorske Horak Guenette Dadswell Risebrough Wideman Lapointe Matteau
Bennett Morrison Bodak Mangiapane Lombardi Jagr Higgins McCrimmon Simard Dome Otto Jalonen Cyr Reierson Schlegel Marsh Kravchuk Gauthier
Ramo Quine Schlemko Paslawski Vernon Boyd Norwood Reinhart Markwart Lindberg Greig Evason Stiles Nilson Leclerc Hiller Knight Ryan
Kiprusoff Bouchard Nakladal Ritchie Sieloff Yawney Zyuzin McInnis Sabourin Gavey Shore Jaffray Millen Gilmour Murdoch Nattress Scoville Charron
Hrdina Ahola Frolik Hale Modin Keczmer Stajan Kennedy McElhinney Bollig Boughner Bouwmeester Kisio Albelin Eisenhut Wortman Turnbull Bullard
