Kisio Bucyk Hlushko Langkow Nolan Colborne Fotiu Yawney Nieuwendyk Evans Cyr Vernon Ryan Landry Skalde
Hay McGrattan Kotalik Dawes Rioux Eloranta Sutter Curtale MacDermid Street Labraaten Jagr Yelle Fuhr Jantunen
Quinn Vail Cavallini Mrozik Berra MacLellan Agostino Grimson Struch Musil Hamrlik Arnold Reinhart Glynn Modin
Nemisz Conroy Stajan Mottau Schulte Bartkowski Malgunas Sarich Beers Buzek Lakovic Petrovicky Primeau Jokinen Leeman
Mayers Esau Brodie Gratton Lindholm Muzzatti Dingman Otto Kravchuk Johnson Babchuk Loob Hrivik Brathwaite Pankewicz
Houston Ference Christie Lindberg Roberts Forslund McCarthy Negrin Westgarth Wamsley Korn Horak Raymond McElhinney Conacher
Dunn Lack Sullivan Byron Matteau Hanifin Lapointe Godard Eakins Rautakallio Churla Patrick Leclerc MacInnis Shannon
Shore Mctavish Simard Higgins Bassen Chernomaz Lombardi Ashton Nakladal Coxe Moss Viitakoski Greig Bouma Hannan
Meredith Kyte Risebrough Ivanans Peters Setoguchi Kobasew Granlund Tambellini Titov Chucko Jones Roloson Stone Engblom
Gauthier Marsh Bourque Backlund Harrer Bodak Fleury Kromm White Aucoin Shinkaruk Amonte Kostopoulos Shantz Bartell
Suter Vey Schlegel Albelin Sieloff Tanguay Bennett DuPont Simon Markwart Lemieux Oliwa Ahola Gillies Scoville
Galiardi Brubaker Lazar Knight Hindmarch Christoff Jooris Kohn Backstrom Olsen Mullen Phaneuf Murray Riggin Huscroft
Gelinas Chiasson Aliu Hulse Dome Irving Wappel Jackson Holt Millen Cassels Hislop McCarty Bullard Lemelin
Baxter Smid Neal Nylander Allison Lomberg Kennedy Hrdina Wiemer Dahl Warrener Zyuzin Roche Elson Grossmann
Lalonde Baertschi Lindsay Wilm Chouinard Helenius Sauve Friesen Haas Featherstone Guenette Sundblad Kidd Cundari Hoglund
Gavey Ramo Foo LaVallee Bozek Fata Niedermayer Morris Racine Breen Macoun Cowan Desbiens Sarault Stiles
Germyn Sonnenberg Ramholt Kruse Ferland Rittich Young Wortman Kulak Montador Sabourin Plett Taylor Makarov MacDonald
