Evans Werenka Hampson Lindberg Hudler Conacher Wotherspoon Cowan Glass Montador Huselius Lundmark Friesen Murzyn Joseph Kylington Poirier Gilmour Karlsson Zemlak
Sutter Hale Ritchie Jokinen Freer Cammalleri Hulse Sullivan Saprykin May Struch Sabourin Christoff Allison Rautakallio Gould Modin McAdam Chouinard Hindmarch
Houston Dwyer Reinprecht Jalonen Lebeau Morris Shinkaruk Dunn Botterill Agostino Quinn Meyer Kostopoulos Amonte Sweeney Hannan Featherstone Cyr Suter Harrer
Sarich Desbiens Evason Riggin Walker Murdoch Lemieux Setoguchi Skalde Holt Hay Kobasew Wright Ashton Raymond Hanowski Viitakoski Godynyuk Valimaki Wregget
Loyns Lakovic Guy Green Commodore Sloan Vail Elson Sjostrom Kulak Sundblad Staios Chiasson Kohn Meredith McKendry Zyuzin Wilm Billins Trefilov
Petit Edwards McDonald Savard Kravchuk Dubinsky Fuhr Reierson Cundari Colborne Fleury Pelech Harkins Gelinas McElhinney Stewart Nazarov Lever Stajan Fotiu
Shantz Yawney Grimson Drury Esau Nilsson Bridgman Mottau Shore Chorske Rychel Miller Lapointe Jackson Prust Kidd Jankowski Boyd Ramo Eaves
McCrimmon Jaffray Irving McCarthy Niedermayer Bullard Comeau Bancks Norwood Sieloff Gillies Leclerc Gratton Bassen Grant Pankewicz Korn Eloranta Higgins Versteeg
Smyth Backlund Stempniak Ranheim Fenton Glencross Bartkowski Kruse Skrudland Ferland Sorochan Kisio Kyte Albelin Czarnik Hrivik Kiprusoff Loob Schulte Eisenhut
MacDermid Garner Hoglund Gagner Peplinski Bouchard Giguere Oliwa Dahlquist Ference Markwart McCarty Stiles Peters Bernhardt Hagman Glynn Baertschi Lamb Fantenberg
Vandermeer Habscheid Borschevsky Morgan Kennedy Roloson Brodie Lazar Galiardi Frolik Phaneuf Toskala Reichel Lindsay Bolduc Domenichelli Mctavish Brathwaite Bodak Keczmer
Berube Hislop Simpson Macoun Kronwall Risebrough Curtale Simard Jones Jooris Boucher Corbet Bouwmeester Eakins Vernon Ward Diaz Vey MacLellan Negrin
MacMillan Iginla Nakladal Titov Hanson Keetley Reinhart Greentree Sharples Boughner Ortio Tonelli Byron Brubaker Conroy Tkachuk Betts Wiemer Marchment Dingman
Primeau Makarov Kromm Bure Gavey Bureau Giordano Rittich LaVallee Taylor Warrener Elliott Klimchuk Nilson Baxter Hrdina Labraaten Germyn Turek Volcan
Dawes Dadswell Ahola Godard Churla Horak Coxe Bradley MacDonald Bollig Lemelin Scoville Hanifin Roche Lowry Huscroft Sauve Lindholm Dowd Bourque
Jokipakka Jantunen Jackman Clement Ryan Arnold Sonnenberg Racine Cervenka Eakin Peluso Krivokrasov Maki Buzek Mrozik Nieuwendyk White Christie Walz Courteau
Bourgeois Pardy Piskula Brouwer Ivanans Eriksson Hamilton Tkaczuk Carson Foo Westgarth Mangiapane MacInnis Clark Chucko Wortman Olsen Lessard Beers Hathaway
Heaphy Schlegel Brigley Berra Wamsley Smid Cassels Leeman Shannon Mayers Landry Chernomaz Knight Greig Nieckar Regehr Stone Wilson Schlemko Neal
Helenius Bucyk Grossmann Wideman Breen Berezan Reese Ferguson Quine Potter Gauthier Pryakhin Andersson Larose Wolf Haas Charron Monahan Yelle Gaudreau
Stuart Johansson Turnbull Murray Roy McInnis Rioux Langkow Varlamov Letang Aucoin Hiller Ingarfield Lydman Russell Babchuk Matteau Sarault Stillman Malgunas
