Lever Ryan Zalapski Primeau Regehr Reichel Hull Diaz Ramage Nazarov Fata
Lamb Horak Esau Christoff Holt Stiles Millen Garner Wolf Sloan Roche
Stone Hudler Sauve Gould Tkaczuk Hanowski Babchuk Norwood Nichol Landry Dahlquist
Corbet Knight Hunter Botterill Cassels Street Racine Albelin Skalde Sheehy Hanifin
Brubaker Skrudland Raymond Osiecki Giordano Turnbull Klimchuk Nattress Taylor Hamrlik Langkow
McLennan Sorochan Marsh Roberts Leopold Roy Volcan McCrimmon Ivanans Petit Christie
Versteeg Modin Lombardi Bozek Bradley Keetley Eloranta Ortio Stajan Nakladal Rychel
Berezan Nemisz Bureau Andersson Comeau Kobasew Cammalleri Dollas Ramo McCarty Morgan
Schlegel Schulte Larose Hale Colborne Stewart Huselius Risebrough Stempniak Yelle Petrovicky
Jones Zemlak Chouinard Bullard Potter Guenette Eakins DeGray Domenichelli Marchment Bouchard
Ferguson Pardy Tambellini Mullen Walker Houston Setoguchi Meyer Staios Shore Hrdina
Nystrom Musil Cavallini Pelech Dube Shantz Smid Murdoch Wotherspoon Monahan Lebeau
Lemieux Tanguay Heaphy Bourque Vandermeer Forslund Courteau Murray Krivokrasov Piskula Cyr
Wilm Brodie Lydman Mayers Wappel Donovan Sieloff Jalonen Markwart Wortman Elliott
