Zemlak Kolanos Warrener Vernon Nattress Varlamov Volcan Wideman
Letang McInnis Tambellini Bureau Torgayev Schlemko Shantz Street
Dube Nieckar Guy Labraaten Lever Green Arnold Brigley
Vey Gillies Eisenhut Shannon Nystrom Ryan Stewart Hanson
Quinn McKendry Hudler Irving Lomberg Lowry Ivanans Evans
Simard Iginla Leclerc McElhinney MacMillan Bennett Conacher Lebeau
Bourgeois Reese Morris Bullard Meredith McLennan Breen Glass
Eakin Markwart Huselius Pelech Ramage Charron Ortio Gould
Foo Pardy Walz Guenette Zyuzin Habscheid Kruse Kylington
Risebrough May Sorochan Czarnik Bergqvist Mottau Elson Gilmour
Berube Eakins Gagner Sharples Evason Shinkaruk Ferland Wilson
Kotalik Viitakoski McAmmond Nichol Fata Courteau Ingarfield Bancks
Bodak Saprykin Bouchard Bourque Karlsson Wregget Harrer Nylander
Moss DuPont Johansson Lakovic Turek Tabaracci Godard Lundmark
